    94.2ms  [perm  ]  Accessibility (CGEventTap): DENIED
   105.7ms  [C hid ]  physical HHKB open FAILED (0xE00002C5) ExclusiveAccess — seized by Karabiner
   107.1ms  [B tap ]  port created (reception still unproven until events arrive)
   107.5ms  [step  ]  0: get ready  — expecting: silence
  4109.0ms  [step  ]  1: STEP 1 — hold LEFT ⌘ alone  — expecting: no flagsChanged if lazy is suppressing it
  6066.9ms  [B tap ]  step 1 — flagsChanged keycode=55 flags=[cmd]
 11208.2ms  [step  ]  2: STEP 2 — tap LEFT ⌘ once  — expecting: eisuu keycode 102, and possibly a cmd flagsChanged pair
 11604.4ms  [B tap ]  step 2 — flagsChanged keycode=55 flags=[]
 12801.6ms  [B tap ]  step 2 — flagsChanged keycode=55 flags=[cmd]
 12847.8ms  [B tap ]  step 2 — flagsChanged keycode=55 flags=[]
 12854.7ms  [B tap ]  step 2 — keyDown keycode=102 flags=[]
 12872.7ms  [B tap ]  step 2 — keyUp keycode=102 flags=[]
 17208.9ms  [step  ]  3: STEP 3 — hold LEFT ⌘ and press A  — expecting: keyDown keycode 0 with flags=[cmd] — the lazy modifier materialises here
 19190.4ms  [B tap ]  step 3 — flagsChanged keycode=55 flags=[cmd]
 19433.8ms  [B tap ]  step 3 — keyDown keycode=0 flags=[cmd]
 19682.9ms  [B tap ]  step 3 — keyDown keycode=0 flags=[cmd]
 19687.7ms  [B tap ]  step 3 — keyUp keycode=0 flags=[cmd]
 20784.3ms  [B tap ]  step 3 — flagsChanged keycode=55 flags=[]
 21938.1ms  [B tap ]  step 3 — flagsChanged keycode=55 flags=[cmd]
 21942.4ms  [B tap ]  step 3 — keyDown keycode=0 flags=[cmd]
 22189.8ms  [B tap ]  step 3 — keyDown keycode=0 flags=[cmd]
 22224.9ms  [B tap ]  step 3 — keyDown keycode=0 flags=[cmd]
 22258.7ms  [B tap ]  step 3 — keyDown keycode=0 flags=[cmd]
 22290.1ms  [B tap ]  step 3 — keyDown keycode=0 flags=[cmd]
 22326.0ms  [B tap ]  step 3 — keyDown keycode=0 flags=[cmd]
 22358.4ms  [B tap ]  step 3 — keyDown keycode=0 flags=[cmd]
 22392.0ms  [B tap ]  step 3 — keyDown keycode=0 flags=[cmd]
 22429.8ms  [B tap ]  step 3 — keyDown keycode=0 flags=[cmd]
 22458.6ms  [B tap ]  step 3 — keyDown keycode=0 flags=[cmd]
 22493.4ms  [B tap ]  step 3 — keyDown keycode=0 flags=[cmd]
 22528.1ms  [B tap ]  step 3 — keyDown keycode=0 flags=[cmd]
 22562.2ms  [B tap ]  step 3 — keyDown keycode=0 flags=[cmd]
 22594.7ms  [B tap ]  step 3 — keyDown keycode=0 flags=[cmd]
 22627.6ms  [B tap ]  step 3 — keyDown keycode=0 flags=[cmd]
 22662.0ms  [B tap ]  step 3 — keyDown keycode=0 flags=[cmd]
 22696.0ms  [B tap ]  step 3 — keyDown keycode=0 flags=[cmd]
 22729.6ms  [B tap ]  step 3 — keyDown keycode=0 flags=[cmd]
 22763.1ms  [B tap ]  step 3 — keyDown keycode=0 flags=[cmd]
 22798.8ms  [B tap ]  step 3 — keyDown keycode=0 flags=[cmd]
 22831.4ms  [B tap ]  step 3 — keyDown keycode=0 flags=[cmd]
 22864.7ms  [B tap ]  step 3 — keyDown keycode=0 flags=[cmd]
 22898.9ms  [B tap ]  step 3 — keyDown keycode=0 flags=[cmd]
 22932.4ms  [B tap ]  step 3 — keyDown keycode=0 flags=[cmd]
 22966.4ms  [B tap ]  step 3 — keyDown keycode=0 flags=[cmd]
 22999.8ms  [B tap ]  step 3 — keyDown keycode=0 flags=[cmd]
 23033.4ms  [B tap ]  step 3 — keyDown keycode=0 flags=[cmd]
 23067.3ms  [B tap ]  step 3 — keyDown keycode=0 flags=[cmd]
 23100.3ms  [B tap ]  step 3 — keyDown keycode=0 flags=[cmd]
 23136.0ms  [B tap ]  step 3 — keyDown keycode=0 flags=[cmd]
 23169.3ms  [B tap ]  step 3 — keyDown keycode=0 flags=[cmd]
 23201.2ms  [B tap ]  step 3 — keyDown keycode=0 flags=[cmd]
 23235.0ms  [B tap ]  step 3 — keyDown keycode=0 flags=[cmd]
 23269.6ms  [B tap ]  step 3 — keyDown keycode=0 flags=[cmd]
 23304.4ms  [B tap ]  step 3 — keyDown keycode=0 flags=[cmd]
 23336.6ms  [B tap ]  step 3 — keyDown keycode=0 flags=[cmd]
 23369.8ms  [B tap ]  step 3 — keyDown keycode=0 flags=[cmd]
 23403.3ms  [B tap ]  step 3 — keyDown keycode=0 flags=[cmd]
 23437.4ms  [B tap ]  step 3 — keyDown keycode=0 flags=[cmd]
 23469.7ms  [B tap ]  step 3 — keyDown keycode=0 flags=[cmd]
 23504.2ms  [B tap ]  step 3 — keyDown keycode=0 flags=[cmd]
 23537.8ms  [B tap ]  step 3 — keyDown keycode=0 flags=[cmd]
 23571.1ms  [B tap ]  step 3 — keyDown keycode=0 flags=[cmd]
 23605.2ms  [B tap ]  step 3 — keyDown keycode=0 flags=[cmd]
 23638.3ms  [B tap ]  step 3 — keyDown keycode=0 flags=[cmd]
 23673.6ms  [B tap ]  step 3 — keyDown keycode=0 flags=[cmd]
 23707.5ms  [B tap ]  step 3 — keyDown keycode=0 flags=[cmd]
 23742.1ms  [B tap ]  step 3 — keyDown keycode=0 flags=[cmd]
 23775.0ms  [B tap ]  step 3 — keyDown keycode=0 flags=[cmd]
 23808.3ms  [B tap ]  step 3 — keyDown keycode=0 flags=[cmd]
 23842.1ms  [B tap ]  step 3 — keyDown keycode=0 flags=[cmd]
 23875.5ms  [B tap ]  step 3 — keyDown keycode=0 flags=[cmd]
 23912.8ms  [B tap ]  step 3 — keyDown keycode=0 flags=[cmd]
 23945.1ms  [B tap ]  step 3 — keyDown keycode=0 flags=[cmd]
 23973.3ms  [B tap ]  step 3 — keyDown keycode=0 flags=[cmd]
 24006.2ms  [B tap ]  step 3 — keyDown keycode=0 flags=[cmd]
 24041.7ms  [B tap ]  step 3 — keyDown keycode=0 flags=[cmd]
 24074.9ms  [B tap ]  step 3 — keyDown keycode=0 flags=[cmd]
 24111.2ms  [B tap ]  step 3 — keyDown keycode=0 flags=[cmd]
 24142.7ms  [B tap ]  step 3 — keyDown keycode=0 flags=[cmd]
 24174.3ms  [B tap ]  step 3 — keyDown keycode=0 flags=[cmd]
 24207.3ms  [B tap ]  step 3 — keyDown keycode=0 flags=[cmd]
 24208.9ms  [step  ]  4: STEP 4 — hold RIGHT ⌘ alone  — expecting: same as step 1
 24239.7ms  [B tap ]  step 4 — keyDown keycode=0 flags=[cmd]
 24274.0ms  [B tap ]  step 4 — keyDown keycode=0 flags=[cmd]
 24311.1ms  [B tap ]  step 4 — keyDown keycode=0 flags=[cmd]
 24342.1ms  [B tap ]  step 4 — keyDown keycode=0 flags=[cmd]
 24375.0ms  [B tap ]  step 4 — keyDown keycode=0 flags=[cmd]
 24411.6ms  [B tap ]  step 4 — keyDown keycode=0 flags=[cmd]
 24442.9ms  [B tap ]  step 4 — keyDown keycode=0 flags=[cmd]
 24476.1ms  [B tap ]  step 4 — keyDown keycode=0 flags=[cmd]
 24510.1ms  [B tap ]  step 4 — keyDown keycode=0 flags=[cmd]
 24544.2ms  [B tap ]  step 4 — keyDown keycode=0 flags=[cmd]
 24576.8ms  [B tap ]  step 4 — keyDown keycode=0 flags=[cmd]
 24610.7ms  [B tap ]  step 4 — keyUp keycode=0 flags=[cmd]
 24614.4ms  [B tap ]  step 4 — flagsChanged keycode=55 flags=[]
 26375.2ms  [B tap ]  step 4 — flagsChanged keycode=54 flags=[cmd]
 31309.1ms  [step  ]  5: done  — expecting: 
 31763.9ms  [B tap ]  step 5 — flagsChanged keycode=54 flags=[]
 34408.2ms  [──────]  
 34411.3ms  [result]  step 0 get ready — 0 event(s)
 34413.5ms  [result]  step 1 STEP 1 — hold LEFT ⌘ alone — 1 event(s)
 34415.4ms  [      ]      flagsChanged keycode=55 flags=[cmd]
 34417.3ms  [result]  step 2 STEP 2 — tap LEFT ⌘ once — 5 event(s)
 34419.2ms  [      ]      flagsChanged keycode=55 flags=[]
 34421.0ms  [      ]      flagsChanged keycode=55 flags=[cmd]
 34422.7ms  [      ]      flagsChanged keycode=55 flags=[]
 34424.1ms  [      ]      keyDown keycode=102 flags=[]
 34425.6ms  [      ]      keyUp keycode=102 flags=[]
 34426.8ms  [result]  step 3 STEP 3 — hold LEFT ⌘ and press A — 68 event(s)
 34428.0ms  [      ]      flagsChanged keycode=55 flags=[cmd]
 34429.2ms  [      ]      keyDown keycode=0 flags=[cmd]
 34430.4ms  [      ]      keyDown keycode=0 flags=[cmd]
 34430.9ms  [      ]      keyUp keycode=0 flags=[cmd]
 34431.3ms  [      ]      flagsChanged keycode=55 flags=[]
 34431.6ms  [      ]      flagsChanged keycode=55 flags=[cmd]
 34431.9ms  [      ]      keyDown keycode=0 flags=[cmd]
 34432.2ms  [      ]      keyDown keycode=0 flags=[cmd]
 34432.5ms  [      ]      keyDown keycode=0 flags=[cmd]
 34432.7ms  [      ]      keyDown keycode=0 flags=[cmd]
 34433.0ms  [      ]      keyDown keycode=0 flags=[cmd]
 34433.3ms  [      ]      keyDown keycode=0 flags=[cmd]
 34433.6ms  [      ]      keyDown keycode=0 flags=[cmd]
 34433.9ms  [      ]      keyDown keycode=0 flags=[cmd]
 34434.1ms  [      ]      keyDown keycode=0 flags=[cmd]
 34434.4ms  [      ]      keyDown keycode=0 flags=[cmd]
 34434.7ms  [      ]      keyDown keycode=0 flags=[cmd]
 34435.0ms  [      ]      keyDown keycode=0 flags=[cmd]
 34435.3ms  [      ]      keyDown keycode=0 flags=[cmd]
 34435.7ms  [      ]      keyDown keycode=0 flags=[cmd]
 34436.0ms  [      ]      keyDown keycode=0 flags=[cmd]
 34436.2ms  [      ]      keyDown keycode=0 flags=[cmd]
 34436.5ms  [      ]      keyDown keycode=0 flags=[cmd]
 34436.9ms  [      ]      keyDown keycode=0 flags=[cmd]
 34437.2ms  [      ]      keyDown keycode=0 flags=[cmd]
 34437.5ms  [      ]      keyDown keycode=0 flags=[cmd]
 34437.8ms  [      ]      keyDown keycode=0 flags=[cmd]
 34438.1ms  [      ]      keyDown keycode=0 flags=[cmd]
 34438.6ms  [      ]      keyDown keycode=0 flags=[cmd]
 34439.0ms  [      ]      keyDown keycode=0 flags=[cmd]
 34439.2ms  [      ]      keyDown keycode=0 flags=[cmd]
 34439.7ms  [      ]      keyDown keycode=0 flags=[cmd]
 34440.2ms  [      ]      keyDown keycode=0 flags=[cmd]
 34440.6ms  [      ]      keyDown keycode=0 flags=[cmd]
 34440.9ms  [      ]      keyDown keycode=0 flags=[cmd]
 34441.2ms  [      ]      keyDown keycode=0 flags=[cmd]
 34441.5ms  [      ]      keyDown keycode=0 flags=[cmd]
 34441.8ms  [      ]      keyDown keycode=0 flags=[cmd]
 34442.1ms  [      ]      keyDown keycode=0 flags=[cmd]
 34442.4ms  [      ]      keyDown keycode=0 flags=[cmd]
 34442.7ms  [      ]      keyDown keycode=0 flags=[cmd]
 34443.1ms  [      ]      keyDown keycode=0 flags=[cmd]
 34443.3ms  [      ]      keyDown keycode=0 flags=[cmd]
 34443.6ms  [      ]      keyDown keycode=0 flags=[cmd]
 34444.0ms  [      ]      keyDown keycode=0 flags=[cmd]
 34444.4ms  [      ]      keyDown keycode=0 flags=[cmd]
 34444.6ms  [      ]      keyDown keycode=0 flags=[cmd]
 34445.0ms  [      ]      keyDown keycode=0 flags=[cmd]
 34445.3ms  [      ]      keyDown keycode=0 flags=[cmd]
 34445.6ms  [      ]      keyDown keycode=0 flags=[cmd]
 34445.9ms  [      ]      keyDown keycode=0 flags=[cmd]
 34446.2ms  [      ]      keyDown keycode=0 flags=[cmd]
 34446.5ms  [      ]      keyDown keycode=0 flags=[cmd]
 34446.8ms  [      ]      keyDown keycode=0 flags=[cmd]
 34447.1ms  [      ]      keyDown keycode=0 flags=[cmd]
 34447.4ms  [      ]      keyDown keycode=0 flags=[cmd]
 34447.8ms  [      ]      keyDown keycode=0 flags=[cmd]
 34448.1ms  [      ]      keyDown keycode=0 flags=[cmd]
 34448.4ms  [      ]      keyDown keycode=0 flags=[cmd]
 34448.7ms  [      ]      keyDown keycode=0 flags=[cmd]
 34449.0ms  [      ]      keyDown keycode=0 flags=[cmd]
 34449.4ms  [      ]      keyDown keycode=0 flags=[cmd]
 34449.7ms  [      ]      keyDown keycode=0 flags=[cmd]
 34450.1ms  [      ]      keyDown keycode=0 flags=[cmd]
 34450.4ms  [      ]      keyDown keycode=0 flags=[cmd]
 34450.6ms  [      ]      keyDown keycode=0 flags=[cmd]
 34450.9ms  [      ]      keyDown keycode=0 flags=[cmd]
 34451.2ms  [      ]      keyDown keycode=0 flags=[cmd]
 34451.5ms  [result]  step 4 STEP 4 — hold RIGHT ⌘ alone — 14 event(s)
 34451.8ms  [      ]      keyDown keycode=0 flags=[cmd]
 34452.0ms  [      ]      keyDown keycode=0 flags=[cmd]
 34452.5ms  [      ]      keyDown keycode=0 flags=[cmd]
 34452.7ms  [      ]      keyDown keycode=0 flags=[cmd]
 34453.0ms  [      ]      keyDown keycode=0 flags=[cmd]
 34453.3ms  [      ]      keyDown keycode=0 flags=[cmd]
 34453.6ms  [      ]      keyDown keycode=0 flags=[cmd]
 34453.9ms  [      ]      keyDown keycode=0 flags=[cmd]
 34454.1ms  [      ]      keyDown keycode=0 flags=[cmd]
 34454.4ms  [      ]      keyDown keycode=0 flags=[cmd]
 34454.7ms  [      ]      keyDown keycode=0 flags=[cmd]
 34455.0ms  [      ]      keyUp keycode=0 flags=[cmd]
 34455.3ms  [      ]      flagsChanged keycode=55 flags=[]
 34455.5ms  [      ]      flagsChanged keycode=54 flags=[cmd]
 34455.8ms  [result]  step 5 done — 1 event(s)
 34456.1ms  [      ]      flagsChanged keycode=54 flags=[]
 34456.4ms  [──────]  
 34456.8ms  [VERDICT]  NO DATA — channel B was not permitted. Nothing established.
